["stone", {"S": 3758, "G": 1600}, 1453.0, 1438.3]
["stoneclear", {"S": 3071, "G": 3039, "K": 2679}, 1732.0, 1908.3]
["splstone", {"S": 3662, "G": 2522, "G2": 163}, 5022.0, 4935.7]
["stone", {"S": 1006, "G": 2682}, 3973.0, 4203.7]
["stone", {"S": 732, "G": -1193}, 5873.0, 6025.0]
["stoneclear", {"S": 3071, "G": 3039, "K": 2678}, 1736.0, 1918.0]
["splstone", {"S": 2393, "G": 1468, "G2": 3176}, 5419.0, 5263.0]
["stone", {"S": 668, "G": -1193}, 6566.0, 6326.0]
["stoneclear", {"S": 2776, "G": 2830, "K": 1801}, 2239.0, 2225.7]
["stoneclear", {"S": 1089, "G": -3757, "K": 1150}, 3893.0, 3929.7]
["stoneclear", {"S": 1089, "G": -3757, "K": 1149}, 3917.0, 3930.0]
["stoneclear", {"S": 1025, "G": -3757, "K": 1149}, 3987.0, 4020.7]
["splstone", {"S": 2393, "G": 1468, "G2": 3178}, 5816.0, 5398.7]
["stoneclear", {"S": 1025, "G": 4227, "K": 1149}, 4043.0, 4174.3]
["stoneclear", {"S": 1025, "G": 4163, "K": 1149}, 4299.0, 4371.7]
["stone", {"S": 2732, "G": -3829}, 7073.0, 6474.3]
["splstone", {"S": 2395, "G": 1468, "G2": 3178}, 6382.0, 6066.3]
["stoneclear", {"S": 397, "G": 3277, "K": 1673}, 4471.0, 4532.0]
["stoneclear", {"S": 397, "G": 3279, "K": 1673}, 4613.0, 4546.0]
["stoneclear", {"S": 397, "G": 3279, "K": 1672}, 4632.0, 4560.0]
["stoneclear", {"S": 397, "G": 3279, "K": 1680}, 4702.0, 4579.3]
["splstone", {"S": 2148, "G": 2413, "G2": 670}, 6418.0, 6532.0]
["splstone", {"S": 2148, "G": 2405, "G2": 670}, 6492.0, 6554.0]
["splstone", {"S": 2148, "G": 2405, "G2": 669}, 6652.0, 6648.0]
["stoneclear", {"S": 175, "G": 3761, "K": 3433}, 4828.0, 4626.3]
["stoneclear", {"S": 175, "G": 3765, "K": 3433}, 5095.0, 4731.3]
["stoneclear", {"S": 175, "G": 3769, "K": 3433}, 5158.0, 4864.0]
["stoneclear", {"S": 183, "G": 3769, "K": 3433}, 5267.0, 4914.3]
